2026-09-07 15:02:03,991 - collector - INFO - 模拟采集器加载完成，总记录数：785
2026-09-07 15:02:03,991 - __main__ - INFO - 系统启动，采集间隔：5 分钟
2026-09-07 15:02:03,991 - __main__ - INFO - ==================================================
2026-09-07 15:02:03,991 - __main__ - INFO - 开始执行数据流水线...
2026-09-07 15:02:03,995 - processor - INFO - 开始处理数据...
2026-09-07 15:02:03,996 - processor - INFO - RSSI过滤：200 -> 173 条
2026-09-07 15:02:04,002 - processor - INFO - 5分钟去重：173 -> 115 条
2026-09-07 15:02:04,006 - processor - INFO - 处理完成，统计到 5 个区域数据
2026-09-07 15:02:04,010 - reporter - INFO - 统计CSV已保存：.\人流统计结果.csv
2026-09-07 15:02:04,181 - reporter - INFO - 柱状图已保存：.\crowd_chart.png
2026-09-07 15:02:04,183 - reporter - INFO - 引导报告已生成：.\人流引导报告.html
2026-09-07 15:02:04,183 - __main__ - INFO - 流水线执行成功！统计时间：2026-09-07 15:18:37
2026-09-07 15:07:04,938 - __main__ - INFO - ==================================================
2026-09-07 15:07:04,938 - __main__ - INFO - 开始执行数据流水线...
2026-09-07 15:07:04,942 - processor - INFO - 开始处理数据...
2026-09-07 15:07:04,942 - processor - INFO - RSSI过滤：200 -> 176 条
2026-09-07 15:07:04,947 - processor - INFO - 5分钟去重：176 -> 116 条
2026-09-07 15:07:04,952 - processor - INFO - 处理完成，统计到 5 个区域数据
2026-09-07 15:07:04,953 - reporter - INFO - 统计CSV已保存：.\人流统计结果.csv
2026-09-07 15:07:05,097 - reporter - INFO - 柱状图已保存：.\crowd_chart.png
2026-09-07 15:07:05,099 - reporter - INFO - 引导报告已生成：.\人流引导报告.html
2026-09-07 15:07:05,099 - __main__ - INFO - 流水线执行成功！统计时间：2026-09-07 15:31:42
2026-09-07 15:09:33,719 - collector - INFO - 模拟采集器加载完成，总记录数：785
2026-09-07 15:09:33,719 - __main__ - INFO - 系统启动，采集间隔：5 分钟
2026-09-07 15:09:33,720 - __main__ - INFO - ==================================================
2026-09-07 15:09:33,720 - __main__ - INFO - 开始执行数据流水线...
2026-09-07 15:09:33,724 - processor - INFO - 开始处理数据...
2026-09-07 15:09:33,725 - processor - INFO - RSSI过滤：200 -> 173 条
2026-09-07 15:09:33,731 - processor - INFO - 5分钟去重：173 -> 115 条
2026-09-07 15:09:33,736 - processor - INFO - 处理完成，统计到 5 个区域数据
2026-09-07 15:09:33,739 - reporter - INFO - 统计CSV已保存：.\人流统计结果.csv
2026-09-07 15:09:33,931 - reporter - INFO - 柱状图已保存：.\crowd_chart.png
2026-09-07 15:09:33,934 - reporter - INFO - 引导报告已生成：.\人流引导报告.html
2026-09-07 15:09:33,934 - __main__ - INFO - 流水线执行成功！统计时间：2026-09-07 15:26:07
2026-09-07 15:14:34,151 - __main__ - INFO - ==================================================
2026-09-07 15:14:34,151 - __main__ - INFO - 开始执行数据流水线...
2026-09-07 15:14:34,155 - processor - INFO - 开始处理数据...
2026-09-07 15:14:34,156 - processor - INFO - RSSI过滤：200 -> 176 条
2026-09-07 15:14:34,161 - processor - INFO - 5分钟去重：176 -> 116 条
2026-09-07 15:14:34,167 - processor - INFO - 处理完成，统计到 5 个区域数据
2026-09-07 15:14:34,169 - reporter - INFO - 统计CSV已保存：.\人流统计结果.csv
2026-09-07 15:14:34,327 - reporter - INFO - 柱状图已保存：.\crowd_chart.png
2026-09-07 15:14:34,328 - reporter - INFO - 引导报告已生成：.\人流引导报告.html
2026-09-07 15:14:34,328 - __main__ - INFO - 流水线执行成功！统计时间：2026-09-07 15:39:12
2026-09-07 15:19:34,614 - __main__ - INFO - ==================================================
2026-09-07 15:19:34,615 - __main__ - INFO - 开始执行数据流水线...
2026-09-07 15:19:34,629 - processor - INFO - 开始处理数据...
2026-09-07 15:19:34,632 - processor - INFO - RSSI过滤：200 -> 174 条
2026-09-07 15:19:34,658 - processor - INFO - 5分钟去重：174 -> 108 条
2026-09-07 15:19:34,679 - processor - INFO - 处理完成，统计到 5 个区域数据
2026-09-07 15:19:34,687 - reporter - INFO - 统计CSV已保存：.\人流统计结果.csv
2026-09-07 15:19:34,900 - reporter - INFO - 柱状图已保存：.\crowd_chart.png
2026-09-07 15:19:34,904 - reporter - INFO - 引导报告已生成：.\人流引导报告.html
2026-09-07 15:19:34,904 - __main__ - INFO - 流水线执行成功！统计时间：2026-09-07 15:55:15
2026-09-07 15:24:35,274 - __main__ - INFO - ==================================================
2026-09-07 15:24:35,275 - __main__ - INFO - 开始执行数据流水线...
2026-09-07 15:24:35,291 - processor - INFO - 开始处理数据...
2026-09-07 15:24:35,294 - processor - INFO - RSSI过滤：185 -> 170 条
2026-09-07 15:24:35,327 - processor - INFO - 5分钟去重：170 -> 108 条
2026-09-07 15:24:35,358 - processor - INFO - 处理完成，统计到 5 个区域数据
2026-09-07 15:24:35,362 - reporter - INFO - 统计CSV已保存：.\人流统计结果.csv
2026-09-07 15:24:35,526 - reporter - INFO - 柱状图已保存：.\crowd_chart.png
2026-09-07 15:24:35,527 - reporter - INFO - 引导报告已生成：.\人流引导报告.html
2026-09-07 15:24:35,528 - __main__ - INFO - 流水线执行成功！统计时间：2026-09-07 16:08:59
2026-09-07 15:29:35,768 - __main__ - INFO - ==================================================
2026-09-07 15:29:35,768 - __main__ - INFO - 开始执行数据流水线...
2026-09-07 15:29:35,768 - collector - INFO - 模拟数据已循环重放，重置到开头
2026-09-07 15:29:35,773 - processor - INFO - 开始处理数据...
2026-09-07 15:29:35,774 - processor - INFO - RSSI过滤：200 -> 173 条
2026-09-07 15:29:35,780 - processor - INFO - 5分钟去重：173 -> 115 条
2026-09-07 15:29:35,786 - processor - INFO - 处理完成，统计到 5 个区域数据
2026-09-07 15:29:35,788 - reporter - INFO - 统计CSV已保存：.\人流统计结果.csv
2026-09-07 15:29:35,944 - reporter - INFO - 柱状图已保存：.\crowd_chart.png
2026-09-07 15:29:35,946 - reporter - INFO - 引导报告已生成：.\人流引导报告.html
2026-09-07 15:29:35,946 - __main__ - INFO - 流水线执行成功！统计时间：2026-09-07 15:46:09
2026-09-07 15:34:36,196 - __main__ - INFO - ==================================================
2026-09-07 15:34:36,197 - __main__ - INFO - 开始执行数据流水线...
2026-09-07 15:34:36,203 - processor - INFO - 开始处理数据...
2026-09-07 15:34:36,204 - processor - INFO - RSSI过滤：200 -> 176 条
2026-09-07 15:34:36,214 - processor - INFO - 5分钟去重：176 -> 116 条
2026-09-07 15:34:36,224 - processor - INFO - 处理完成，统计到 5 个区域数据
2026-09-07 15:34:36,227 - reporter - INFO - 统计CSV已保存：.\人流统计结果.csv
2026-09-07 15:34:36,400 - reporter - INFO - 柱状图已保存：.\crowd_chart.png
2026-09-07 15:34:36,402 - reporter - INFO - 引导报告已生成：.\人流引导报告.html
2026-09-07 15:34:36,402 - __main__ - INFO - 流水线执行成功！统计时间：2026-09-07 15:59:14
2026-09-09 13:36:43,871 - collector - INFO - 模拟采集器加载完成，总记录数：785
2026-09-09 13:36:43,879 - __main__ - INFO - 系统启动，采集间隔：5 分钟
2026-09-09 13:36:43,879 - __main__ - INFO - ==================================================
2026-09-09 13:36:43,880 - __main__ - INFO - 开始执行数据流水线...
2026-09-09 13:36:43,885 - processor - INFO - 开始处理数据...
2026-09-09 13:36:43,886 - processor - INFO - RSSI过滤：200 -> 173 条
2026-09-09 13:36:43,892 - processor - INFO - 5分钟去重：173 -> 115 条
2026-09-09 13:36:43,897 - processor - INFO - 处理完成，统计到 5 个区域数据
2026-09-09 13:36:43,905 - reporter - INFO - 统计CSV已保存：.\人流统计结果.csv
2026-09-09 13:36:44,237 - reporter - INFO - 柱状图已保存：.\crowd_chart.png
2026-09-09 13:36:44,238 - reporter - INFO - 引导报告已生成：.\人流引导报告.html
2026-09-09 13:36:44,239 - __main__ - INFO - 流水线执行成功！统计时间：2026-09-09 13:53:17
2026-09-09 13:41:44,662 - __main__ - INFO - ==================================================
2026-09-09 13:41:44,663 - __main__ - INFO - 开始执行数据流水线...
2026-09-09 13:41:44,671 - processor - INFO - 开始处理数据...
2026-09-09 13:41:44,672 - processor - INFO - RSSI过滤：200 -> 176 条
2026-09-09 13:41:44,682 - processor - INFO - 5分钟去重：176 -> 116 条
2026-09-09 13:41:44,687 - processor - INFO - 处理完成，统计到 5 个区域数据
2026-09-09 13:41:44,689 - reporter - INFO - 统计CSV已保存：.\人流统计结果.csv
2026-09-09 13:41:44,830 - reporter - INFO - 柱状图已保存：.\crowd_chart.png
2026-09-09 13:41:44,831 - reporter - INFO - 引导报告已生成：.\人流引导报告.html
2026-09-09 13:41:44,831 - __main__ - INFO - 流水线执行成功！统计时间：2026-09-09 14:06:22
2026-09-09 13:46:45,039 - __main__ - INFO - ==================================================
2026-09-09 13:46:45,040 - __main__ - INFO - 开始执行数据流水线...
2026-09-09 13:46:45,055 - processor - INFO - 开始处理数据...
2026-09-09 13:46:45,061 - processor - INFO - RSSI过滤：200 -> 174 条
2026-09-09 13:46:45,088 - processor - INFO - 5分钟去重：174 -> 108 条
2026-09-09 13:46:45,111 - processor - INFO - 处理完成，统计到 5 个区域数据
2026-09-09 13:46:45,116 - reporter - INFO - 统计CSV已保存：.\人流统计结果.csv
2026-09-09 13:46:45,333 - reporter - INFO - 柱状图已保存：.\crowd_chart.png
2026-09-09 13:46:45,335 - reporter - INFO - 引导报告已生成：.\人流引导报告.html
2026-09-09 13:46:45,335 - __main__ - INFO - 流水线执行成功！统计时间：2026-09-09 14:22:25
2026-09-09 13:51:45,532 - __main__ - INFO - ==================================================
2026-09-09 13:51:45,533 - __main__ - INFO - 开始执行数据流水线...
2026-09-09 13:51:45,545 - processor - INFO - 开始处理数据...
2026-09-09 13:51:45,547 - processor - INFO - RSSI过滤：185 -> 170 条
2026-09-09 13:51:45,558 - processor - INFO - 5分钟去重：170 -> 108 条
2026-09-09 13:51:45,564 - processor - INFO - 处理完成，统计到 5 个区域数据
2026-09-09 13:51:45,566 - reporter - INFO - 统计CSV已保存：.\人流统计结果.csv
2026-09-09 13:51:45,717 - reporter - INFO - 柱状图已保存：.\crowd_chart.png
2026-09-09 13:51:45,718 - reporter - INFO - 引导报告已生成：.\人流引导报告.html
2026-09-09 13:51:45,718 - __main__ - INFO - 流水线执行成功！统计时间：2026-09-09 14:36:09
2026-09-09 13:56:45,918 - __main__ - INFO - ==================================================
2026-09-09 13:56:45,918 - __main__ - INFO - 开始执行数据流水线...
2026-09-09 13:56:45,919 - collector - INFO - 模拟数据已循环重放，重置到开头
2026-09-09 13:56:45,936 - processor - INFO - 开始处理数据...
2026-09-09 13:56:45,938 - processor - INFO - RSSI过滤：200 -> 173 条
2026-09-09 13:56:45,954 - processor - INFO - 5分钟去重：173 -> 115 条
2026-09-09 13:56:45,961 - processor - INFO - 处理完成，统计到 5 个区域数据
2026-09-09 13:56:45,965 - reporter - INFO - 统计CSV已保存：.\人流统计结果.csv
2026-09-09 13:56:46,103 - reporter - INFO - 柱状图已保存：.\crowd_chart.png
2026-09-09 13:56:46,105 - reporter - INFO - 引导报告已生成：.\人流引导报告.html
2026-09-09 13:56:46,105 - __main__ - INFO - 流水线执行成功！统计时间：2026-09-09 14:13:19
2026-09-09 14:01:46,296 - __main__ - INFO - ==================================================
2026-09-09 14:01:46,297 - __main__ - INFO - 开始执行数据流水线...
2026-09-09 14:01:46,301 - processor - INFO - 开始处理数据...
2026-09-09 14:01:46,302 - processor - INFO - RSSI过滤：200 -> 176 条
2026-09-09 14:01:46,308 - processor - INFO - 5分钟去重：176 -> 116 条
2026-09-09 14:01:46,313 - processor - INFO - 处理完成，统计到 5 个区域数据
2026-09-09 14:01:46,315 - reporter - INFO - 统计CSV已保存：.\人流统计结果.csv
2026-09-09 14:01:46,453 - reporter - INFO - 柱状图已保存：.\crowd_chart.png
2026-09-09 14:01:46,454 - reporter - INFO - 引导报告已生成：.\人流引导报告.html
2026-09-09 14:01:46,454 - __main__ - INFO - 流水线执行成功！统计时间：2026-09-09 14:26:24
2026-09-09 14:06:46,631 - __main__ - INFO - ==================================================
2026-09-09 14:06:46,631 - __main__ - INFO - 开始执行数据流水线...
2026-09-09 14:06:46,635 - processor - INFO - 开始处理数据...
2026-09-09 14:06:46,636 - processor - INFO - RSSI过滤：200 -> 174 条
2026-09-09 14:06:46,642 - processor - INFO - 5分钟去重：174 -> 108 条
2026-09-09 14:06:46,646 - processor - INFO - 处理完成，统计到 5 个区域数据
2026-09-09 14:06:46,649 - reporter - INFO - 统计CSV已保存：.\人流统计结果.csv
2026-09-09 14:06:46,801 - reporter - INFO - 柱状图已保存：.\crowd_chart.png
2026-09-09 14:06:46,802 - reporter - INFO - 引导报告已生成：.\人流引导报告.html
2026-09-09 14:06:46,802 - __main__ - INFO - 流水线执行成功！统计时间：2026-09-09 14:42:27
2026-09-09 14:11:46,926 - __main__ - INFO - ==================================================
2026-09-09 14:11:46,926 - __main__ - INFO - 开始执行数据流水线...
2026-09-09 14:11:46,930 - processor - INFO - 开始处理数据...
2026-09-09 14:11:46,931 - processor - INFO - RSSI过滤：185 -> 170 条
2026-09-09 14:11:46,937 - processor - INFO - 5分钟去重：170 -> 108 条
2026-09-09 14:11:46,942 - processor - INFO - 处理完成，统计到 5 个区域数据
2026-09-09 14:11:46,945 - reporter - INFO - 统计CSV已保存：.\人流统计结果.csv
2026-09-09 14:11:47,129 - reporter - INFO - 柱状图已保存：.\crowd_chart.png
2026-09-09 14:11:47,141 - reporter - INFO - 引导报告已生成：.\人流引导报告.html
2026-09-09 14:11:47,141 - __main__ - INFO - 流水线执行成功！统计时间：2026-09-09 14:56:11
2026-09-09 14:16:47,515 - __main__ - INFO - ==================================================
2026-09-09 14:16:47,515 - __main__ - INFO - 开始执行数据流水线...
2026-09-09 14:16:47,516 - collector - INFO - 模拟数据已循环重放，重置到开头
2026-09-09 14:16:47,524 - processor - INFO - 开始处理数据...
2026-09-09 14:16:47,569 - processor - INFO - RSSI过滤：200 -> 173 条
2026-09-09 14:16:47,685 - processor - INFO - 5分钟去重：173 -> 115 条
2026-09-09 14:16:47,770 - processor - INFO - 处理完成，统计到 5 个区域数据
2026-09-09 14:16:47,778 - reporter - INFO - 统计CSV已保存：.\人流统计结果.csv
2026-09-09 14:16:49,086 - reporter - INFO - 柱状图已保存：.\crowd_chart.png
2026-09-09 14:16:49,232 - reporter - INFO - 引导报告已生成：.\人流引导报告.html
2026-09-09 14:16:49,232 - __main__ - INFO - 流水线执行成功！统计时间：2026-09-09 14:33:21
2026-09-09 14:21:49,462 - __main__ - INFO - ==================================================
2026-09-09 14:21:49,463 - __main__ - INFO - 开始执行数据流水线...
2026-09-09 14:21:49,467 - processor - INFO - 开始处理数据...
2026-09-09 14:21:49,467 - processor - INFO - RSSI过滤：200 -> 176 条
2026-09-09 14:21:49,472 - processor - INFO - 5分钟去重：176 -> 116 条
2026-09-09 14:21:49,479 - processor - INFO - 处理完成，统计到 5 个区域数据
2026-09-09 14:21:49,481 - reporter - INFO - 统计CSV已保存：.\人流统计结果.csv
2026-09-09 14:21:49,662 - reporter - INFO - 柱状图已保存：.\crowd_chart.png
2026-09-09 14:21:49,664 - reporter - INFO - 引导报告已生成：.\人流引导报告.html
2026-09-09 14:21:49,664 - __main__ - INFO - 流水线执行成功！统计时间：2026-09-09 14:46:26
2026-09-09 14:26:49,817 - __main__ - INFO - ==================================================
2026-09-09 14:26:49,817 - __main__ - INFO - 开始执行数据流水线...
2026-09-09 14:26:49,822 - processor - INFO - 开始处理数据...
2026-09-09 14:26:49,823 - processor - INFO - RSSI过滤：200 -> 174 条
2026-09-09 14:26:49,832 - processor - INFO - 5分钟去重：174 -> 108 条
2026-09-09 14:26:49,838 - processor - INFO - 处理完成，统计到 5 个区域数据
2026-09-09 14:26:49,841 - reporter - INFO - 统计CSV已保存：.\人流统计结果.csv
2026-09-09 14:26:49,983 - reporter - INFO - 柱状图已保存：.\crowd_chart.png
2026-09-09 14:26:49,985 - reporter - INFO - 引导报告已生成：.\人流引导报告.html
2026-09-09 14:26:49,985 - __main__ - INFO - 流水线执行成功！统计时间：2026-09-09 15:02:29
2026-09-09 14:31:50,167 - __main__ - INFO - ==================================================
2026-09-09 14:31:50,168 - __main__ - INFO - 开始执行数据流水线...
2026-09-09 14:31:50,171 - processor - INFO - 开始处理数据...
2026-09-09 14:31:50,172 - processor - INFO - RSSI过滤：185 -> 170 条
2026-09-09 14:31:50,177 - processor - INFO - 5分钟去重：170 -> 108 条
2026-09-09 14:31:50,182 - processor - INFO - 处理完成，统计到 5 个区域数据
2026-09-09 14:31:50,183 - reporter - INFO - 统计CSV已保存：.\人流统计结果.csv
2026-09-09 14:31:50,328 - reporter - INFO - 柱状图已保存：.\crowd_chart.png
2026-09-09 14:31:50,330 - reporter - INFO - 引导报告已生成：.\人流引导报告.html
2026-09-09 14:31:50,330 - __main__ - INFO - 流水线执行成功！统计时间：2026-09-09 15:16:13
2026-09-09 14:36:50,517 - __main__ - INFO - ==================================================
2026-09-09 14:36:50,517 - __main__ - INFO - 开始执行数据流水线...
2026-09-09 14:36:50,517 - collector - INFO - 模拟数据已循环重放，重置到开头
2026-09-09 14:36:50,522 - processor - INFO - 开始处理数据...
2026-09-09 14:36:50,522 - processor - INFO - RSSI过滤：200 -> 173 条
2026-09-09 14:36:50,529 - processor - INFO - 5分钟去重：173 -> 115 条
2026-09-09 14:36:50,535 - processor - INFO - 处理完成，统计到 5 个区域数据
2026-09-09 14:36:50,537 - reporter - INFO - 统计CSV已保存：.\人流统计结果.csv
2026-09-09 14:36:50,697 - reporter - INFO - 柱状图已保存：.\crowd_chart.png
2026-09-09 14:36:50,699 - reporter - INFO - 引导报告已生成：.\人流引导报告.html
2026-09-09 14:36:50,699 - __main__ - INFO - 流水线执行成功！统计时间：2026-09-09 14:53:24
2026-09-09 14:41:50,966 - __main__ - INFO - ==================================================
2026-09-09 14:41:50,966 - __main__ - INFO - 开始执行数据流水线...
2026-09-09 14:41:50,972 - processor - INFO - 开始处理数据...
2026-09-09 14:41:50,973 - processor - INFO - RSSI过滤：200 -> 176 条
2026-09-09 14:41:50,984 - processor - INFO - 5分钟去重：176 -> 116 条
2026-09-09 14:41:50,990 - processor - INFO - 处理完成，统计到 5 个区域数据
2026-09-09 14:41:50,992 - reporter - INFO - 统计CSV已保存：.\人流统计结果.csv
2026-09-09 14:41:51,149 - reporter - INFO - 柱状图已保存：.\crowd_chart.png
2026-09-09 14:41:51,151 - reporter - INFO - 引导报告已生成：.\人流引导报告.html
2026-09-09 14:41:51,152 - __main__ - INFO - 流水线执行成功！统计时间：2026-09-09 15:06:29
2026-09-09 14:46:51,473 - __main__ - INFO - ==================================================
2026-09-09 14:46:51,474 - __main__ - INFO - 开始执行数据流水线...
2026-09-09 14:46:51,479 - processor - INFO - 开始处理数据...
2026-09-09 14:46:51,481 - processor - INFO - RSSI过滤：200 -> 174 条
2026-09-09 14:46:51,502 - processor - INFO - 5分钟去重：174 -> 108 条
2026-09-09 14:46:51,510 - processor - INFO - 处理完成，统计到 5 个区域数据
2026-09-09 14:46:51,513 - reporter - INFO - 统计CSV已保存：.\人流统计结果.csv
2026-09-09 14:46:51,700 - reporter - INFO - 柱状图已保存：.\crowd_chart.png
2026-09-09 14:46:51,702 - reporter - INFO - 引导报告已生成：.\人流引导报告.html
2026-09-09 14:46:51,702 - __main__ - INFO - 流水线执行成功！统计时间：2026-09-09 15:22:32
2026-09-09 14:51:51,892 - __main__ - INFO - ==================================================
2026-09-09 14:51:51,892 - __main__ - INFO - 开始执行数据流水线...
2026-09-09 14:51:51,895 - processor - INFO - 开始处理数据...
2026-09-09 14:51:51,896 - processor - INFO - RSSI过滤：185 -> 170 条
2026-09-09 14:51:51,902 - processor - INFO - 5分钟去重：170 -> 108 条
2026-09-09 14:51:51,908 - processor - INFO - 处理完成，统计到 5 个区域数据
2026-09-09 14:51:51,910 - reporter - INFO - 统计CSV已保存：.\人流统计结果.csv
2026-09-09 14:51:52,099 - reporter - INFO - 柱状图已保存：.\crowd_chart.png
2026-09-09 14:51:52,100 - reporter - INFO - 引导报告已生成：.\人流引导报告.html
2026-09-09 14:51:52,100 - __main__ - INFO - 流水线执行成功！统计时间：2026-09-09 15:36:16
2026-09-09 14:56:52,360 - __main__ - INFO - ==================================================
2026-09-09 14:56:52,360 - __main__ - INFO - 开始执行数据流水线...
2026-09-09 14:56:52,361 - collector - INFO - 模拟数据已循环重放，重置到开头
2026-09-09 14:56:52,380 - processor - INFO - 开始处理数据...
2026-09-09 14:56:52,384 - processor - INFO - RSSI过滤：200 -> 173 条
2026-09-09 14:56:52,407 - processor - INFO - 5分钟去重：173 -> 115 条
2026-09-09 14:56:52,421 - processor - INFO - 处理完成，统计到 5 个区域数据
2026-09-09 14:56:52,426 - reporter - INFO - 统计CSV已保存：.\人流统计结果.csv
2026-09-09 14:56:52,659 - reporter - INFO - 柱状图已保存：.\crowd_chart.png
2026-09-09 14:56:52,660 - reporter - INFO - 引导报告已生成：.\人流引导报告.html
2026-09-09 14:56:52,660 - __main__ - INFO - 流水线执行成功！统计时间：2026-09-09 15:13:26
2026-09-09 15:01:52,895 - __main__ - INFO - ==================================================
2026-09-09 15:01:52,896 - __main__ - INFO - 开始执行数据流水线...
2026-09-09 15:01:52,918 - processor - INFO - 开始处理数据...
2026-09-09 15:01:52,922 - processor - INFO - RSSI过滤：200 -> 176 条
2026-09-09 15:01:52,933 - processor - INFO - 5分钟去重：176 -> 116 条
2026-09-09 15:01:52,941 - processor - INFO - 处理完成，统计到 5 个区域数据
2026-09-09 15:01:52,944 - reporter - INFO - 统计CSV已保存：.\人流统计结果.csv
2026-09-09 15:01:53,151 - reporter - INFO - 柱状图已保存：.\crowd_chart.png
2026-09-09 15:01:53,153 - reporter - INFO - 引导报告已生成：.\人流引导报告.html
2026-09-09 15:01:53,154 - __main__ - INFO - 流水线执行成功！统计时间：2026-09-09 15:26:31
2026-09-09 15:06:53,851 - __main__ - INFO - ==================================================
2026-09-09 15:06:53,852 - __main__ - INFO - 开始执行数据流水线...
2026-09-09 15:06:53,890 - processor - INFO - 开始处理数据...
2026-09-09 15:06:53,892 - processor - INFO - RSSI过滤：200 -> 174 条
2026-09-09 15:06:53,909 - processor - INFO - 5分钟去重：174 -> 108 条
2026-09-09 15:06:53,916 - processor - INFO - 处理完成，统计到 5 个区域数据
2026-09-09 15:06:53,919 - reporter - INFO - 统计CSV已保存：.\人流统计结果.csv
2026-09-09 15:06:54,488 - reporter - INFO - 柱状图已保存：.\crowd_chart.png
2026-09-09 15:06:54,492 - reporter - INFO - 引导报告已生成：.\人流引导报告.html
2026-09-09 15:06:54,492 - __main__ - INFO - 流水线执行成功！统计时间：2026-09-09 15:42:34
2026-09-09 15:11:55,213 - __main__ - INFO - ==================================================
2026-09-09 15:11:55,213 - __main__ - INFO - 开始执行数据流水线...
2026-09-09 15:11:55,216 - processor - INFO - 开始处理数据...
2026-09-09 15:11:55,218 - processor - INFO - RSSI过滤：185 -> 170 条
2026-09-09 15:11:55,223 - processor - INFO - 5分钟去重：170 -> 108 条
2026-09-09 15:11:55,228 - processor - INFO - 处理完成，统计到 5 个区域数据
2026-09-09 15:11:55,230 - reporter - INFO - 统计CSV已保存：.\人流统计结果.csv
2026-09-09 15:11:55,387 - reporter - INFO - 柱状图已保存：.\crowd_chart.png
2026-09-09 15:11:55,389 - reporter - INFO - 引导报告已生成：.\人流引导报告.html
2026-09-09 15:11:55,389 - __main__ - INFO - 流水线执行成功！统计时间：2026-09-09 15:56:18
2026-09-09 15:16:55,784 - __main__ - INFO - ==================================================
2026-09-09 15:16:55,785 - __main__ - INFO - 开始执行数据流水线...
2026-09-09 15:16:55,785 - collector - INFO - 模拟数据已循环重放，重置到开头
2026-09-09 15:16:55,798 - processor - INFO - 开始处理数据...
2026-09-09 15:16:55,801 - processor - INFO - RSSI过滤：200 -> 173 条
2026-09-09 15:16:55,839 - processor - INFO - 5分钟去重：173 -> 115 条
2026-09-09 15:16:55,853 - processor - INFO - 处理完成，统计到 5 个区域数据
2026-09-09 15:16:55,857 - reporter - INFO - 统计CSV已保存：.\人流统计结果.csv
2026-09-09 15:16:56,029 - reporter - INFO - 柱状图已保存：.\crowd_chart.png
2026-09-09 15:16:56,031 - reporter - INFO - 引导报告已生成：.\人流引导报告.html
2026-09-09 15:16:56,032 - __main__ - INFO - 流水线执行成功！统计时间：2026-09-09 15:33:29
2026-09-09 15:21:56,605 - __main__ - INFO - ==================================================
2026-09-09 15:21:56,605 - __main__ - INFO - 开始执行数据流水线...
2026-09-09 15:21:56,609 - processor - INFO - 开始处理数据...
2026-09-09 15:21:56,610 - processor - INFO - RSSI过滤：200 -> 176 条
2026-09-09 15:21:56,616 - processor - INFO - 5分钟去重：176 -> 116 条
2026-09-09 15:21:56,624 - processor - INFO - 处理完成，统计到 5 个区域数据
2026-09-09 15:21:56,626 - reporter - INFO - 统计CSV已保存：.\人流统计结果.csv
2026-09-09 15:21:56,851 - reporter - INFO - 柱状图已保存：.\crowd_chart.png
2026-09-09 15:21:56,858 - reporter - INFO - 引导报告已生成：.\人流引导报告.html
2026-09-09 15:21:56,858 - __main__ - INFO - 流水线执行成功！统计时间：2026-09-09 15:46:34
2026-09-09 15:26:57,484 - __main__ - INFO - ==================================================
2026-09-09 15:26:57,485 - __main__ - INFO - 开始执行数据流水线...
2026-09-09 15:26:57,500 - processor - INFO - 开始处理数据...
2026-09-09 15:26:57,504 - processor - INFO - RSSI过滤：200 -> 174 条
2026-09-09 15:26:57,545 - processor - INFO - 5分钟去重：174 -> 108 条
2026-09-09 15:26:57,553 - processor - INFO - 处理完成，统计到 5 个区域数据
2026-09-09 15:26:57,556 - reporter - INFO - 统计CSV已保存：.\人流统计结果.csv
2026-09-09 15:26:57,718 - reporter - INFO - 柱状图已保存：.\crowd_chart.png
2026-09-09 15:26:57,720 - reporter - INFO - 引导报告已生成：.\人流引导报告.html
2026-09-09 15:26:57,720 - __main__ - INFO - 流水线执行成功！统计时间：2026-09-09 16:02:37
2026-09-09 15:31:58,044 - __main__ - INFO - ==================================================
2026-09-09 15:31:58,045 - __main__ - INFO - 开始执行数据流水线...
2026-09-09 15:31:58,061 - processor - INFO - 开始处理数据...
2026-09-09 15:31:58,063 - processor - INFO - RSSI过滤：185 -> 170 条
2026-09-09 15:31:58,089 - processor - INFO - 5分钟去重：170 -> 108 条
2026-09-09 15:31:58,152 - processor - INFO - 处理完成，统计到 5 个区域数据
2026-09-09 15:31:58,159 - reporter - INFO - 统计CSV已保存：.\人流统计结果.csv
2026-09-09 15:31:58,495 - reporter - INFO - 柱状图已保存：.\crowd_chart.png
2026-09-09 15:31:58,496 - reporter - INFO - 引导报告已生成：.\人流引导报告.html
2026-09-09 15:31:58,496 - __main__ - INFO - 流水线执行成功！统计时间：2026-09-09 16:16:21
2026-09-09 15:36:58,860 - __main__ - INFO - ==================================================
2026-09-09 15:36:58,861 - __main__ - INFO - 开始执行数据流水线...
2026-09-09 15:36:58,861 - collector - INFO - 模拟数据已循环重放，重置到开头
2026-09-09 15:36:58,881 - processor - INFO - 开始处理数据...
2026-09-09 15:36:58,884 - processor - INFO - RSSI过滤：200 -> 173 条
2026-09-09 15:36:58,896 - processor - INFO - 5分钟去重：173 -> 115 条
2026-09-09 15:36:58,903 - processor - INFO - 处理完成，统计到 5 个区域数据
2026-09-09 15:36:58,906 - reporter - INFO - 统计CSV已保存：.\人流统计结果.csv
2026-09-09 15:36:59,062 - reporter - INFO - 柱状图已保存：.\crowd_chart.png
2026-09-09 15:36:59,063 - reporter - INFO - 引导报告已生成：.\人流引导报告.html
2026-09-09 15:36:59,063 - __main__ - INFO - 流水线执行成功！统计时间：2026-09-09 15:53:32
2026-09-09 15:41:59,278 - __main__ - INFO - ==================================================
2026-09-09 15:41:59,279 - __main__ - INFO - 开始执行数据流水线...
2026-09-09 15:41:59,294 - processor - INFO - 开始处理数据...
2026-09-09 15:41:59,297 - processor - INFO - RSSI过滤：200 -> 176 条
2026-09-09 15:41:59,339 - processor - INFO - 5分钟去重：176 -> 116 条
2026-09-09 15:41:59,368 - processor - INFO - 处理完成，统计到 5 个区域数据
2026-09-09 15:41:59,374 - reporter - INFO - 统计CSV已保存：.\人流统计结果.csv
2026-09-09 15:41:59,531 - reporter - INFO - 柱状图已保存：.\crowd_chart.png
2026-09-09 15:41:59,533 - reporter - INFO - 引导报告已生成：.\人流引导报告.html
2026-09-09 15:41:59,534 - __main__ - INFO - 流水线执行成功！统计时间：2026-09-09 16:06:37
